--------------------------------------------------------------------------------

Starting time of dircetory scanning : 13:47:09 
Complition time of directory scanning : 13:47:09 
Scanned directory name : demo   
Total number of  files Scanned  : 27 
Total number of  duplicate file found  : 23   
Total number of  duplicate file deleted  : 23   
complite path of all deleted duplicate files  : 
demo/Assignment31_2 (Copy).py

demo/Assignment31_2 (Copy 6).py

demo/Assignment31_2.py

demo/Assignment31_2 (Copy 4).py

demo/Assignment31_2 (Copy 2).py

demo/Assignment31_2 (Copy 5).py

demo/Assignment31_2 (Copy 7).py

demo/Assignment31_1_Copy (Copy 7).py

demo/Assignment31_1_Copy (Copy 3).py

demo/Assignment31_1_Copy (Copy 4).py

demo/Assignment31_1_Copy (Copy 5).py

demo/Assignment31_1_Copy (Copy 2).py

demo/Assignment31_1_Copy (Copy 6).py

demo/Assignment31_3_copy.py

demo/Assignment31_3_copy (Copy 3).py

demo/Assignment31_3_copy (Copy 5).py

demo/Assignment31_3_copy (Copy 4).py

demo/Assignment31_3_copy (Copy 6).py

demo/Assignment31_3_copy (Copy).py

demo/Assignment31_3_copy (Copy 2).py

demo/Assignment31_4 (Copy).py

demo/Assignment31_4 (Copy 2).py

demo/Assignment31_4 (Copy 4).py
   
checksum vlues of deleted  files  : 
15a09dbe31311691bc146e057c206bde

15a09dbe31311691bc146e057c206bde

15a09dbe31311691bc146e057c206bde

15a09dbe31311691bc146e057c206bde

15a09dbe31311691bc146e057c206bde

15a09dbe31311691bc146e057c206bde

15a09dbe31311691bc146e057c206bde

de983b6ba665d59a215fd214a338504c

de983b6ba665d59a215fd214a338504c

de983b6ba665d59a215fd214a338504c

de983b6ba665d59a215fd214a338504c

de983b6ba665d59a215fd214a338504c

de983b6ba665d59a215fd214a338504c

ea69098af8f75510a1a56db7003cb92d

ea69098af8f75510a1a56db7003cb92d

ea69098af8f75510a1a56db7003cb92d

ea69098af8f75510a1a56db7003cb92d

ea69098af8f75510a1a56db7003cb92d

ea69098af8f75510a1a56db7003cb92d

ea69098af8f75510a1a56db7003cb92d

81f860082314bdc33b60b32dd2089752

81f860082314bdc33b60b32dd2089752

81f860082314bdc33b60b32dd2089752
   

--------------------------------------------------------------------------------
